// Jest Snapshot v1, https://goo.gl/fbAQLP

exports[`AppHeader.vue should render correctly 1`] = `
<div class="main-header">
  <vs-navbar modelvalue="0" class="nabarx" active-text-color="#5b3cc4" type="flat">
    <div class="navbar-item">
      <div slot="title">
        <vs-navbar-title><span class="header-title">My App</span></vs-navbar-title>
      </div>
      <vs-navbar-item index="0">
        <router-link-stub to="/" replace="false" custom="false" ariacurrentvalue="page"></router-link-stub>
      </vs-navbar-item>
      <vs-navbar-item index="1">
        <router-link-stub to="/classic-movies" replace="false" custom="false" ariacurrentvalue="page"></router-link-stub>
      </vs-navbar-item>
    </div>
    <div class="navbar-search">
      <vs-input modelvalue="" icon="search" placeholder="Search"></vs-input>
    </div>
  </vs-navbar>
</div>
`;
